// Jest Snapshot v1, https://goo.gl/fbAQLP

exports[`With Snapshot Testing Index matches its snapshot" 1`] = `
<div>
  <div
    className="story-list"
  >
    <div
      className="stories-header"
    >
      <a
        href="https://news.ycombinator.com"
      >
        <img
          alt="Y"
          className="stories-source-logo"
          src="https://news.ycombinator.com/y18.gif"
        />
      </a>
      <a
        href="/"
        onClick={[Function]}
        onMouseEnter={[Function]}
      >
        top
      </a>
      |
      <a
        href="/"
        onClick={[Function]}
        onMouseEnter={[Function]}
      >
        new
      </a>
    </div>
  </div>
  <div>
    <a
      href="/?page=NaN"
      onClick={[Function]}
      onMouseEnter={[Function]}
    >
      More
    </a>
    <div
      Style="float:right;"
      className="stories-page-no"
    >
      Page No: 
    </div>
  </div>
</div>
`;
